// Jest Snapshot v1, https://goo.gl/fbAQLP

exports[`<Button /> should should render the normal button as default 1`] = `
.c0 {
  display: -webkit-box;
  display: -webkit-flex;
  display: -ms-flexbox;
  display: flex;
  -webkit-align-items: center;
  -webkit-box-align: center;
  -ms-flex-align: center;
  align-items: center;
  padding: 0.8rem;
  border: none;
  cursor: pointer;
  color: #FAFAFA;
  font-family: Poppins,-apple-system,BlinkMacSystemFont,'Segoe UI',Roboto,Oxygen,Ubuntu,Cantarell,'Open Sans','Helvetica Neue',sans-serif;
  border-radius: 0.4rem;
  background: linear-gradient(180deg,#ff5f5f 0%,#f062c0 50%);
  height: 4rem;
  font-size: 1.4rem;
  padding: 0.8rem 3.2rem;
}

<button
  class="c0"
>
  <span>
    Click me!
  </span>
</button>
`;
